
> Configure project :
Fabric Loom: 1.10.5

> Task :compileJava
C:\dev\StaffRadar\src\main\java\com\example\staffradar\gui\StaffOverlayUI.java:40: error: cannot find symbol
        context.fill(x, y, x + width, y + height, 0xAA000000);
                     ^
  symbol:   variable x
  location: class StaffOverlayUI
C:\dev\StaffRadar\src\main\java\com\example\staffradar\gui\StaffOverlayUI.java:40: error: cannot find symbol
        context.fill(x, y, x + width, y + height, 0xAA000000);
                        ^
  symbol:   variable y
  location: class StaffOverlayUI
C:\dev\StaffRadar\src\main\java\com\example\staffradar\gui\StaffOverlayUI.java:40: error: cannot find symbol
        context.fill(x, y, x + width, y + height, 0xAA000000);
                           ^
  symbol:   variable x
  location: class StaffOverlayUI
C:\dev\StaffRadar\src\main\java\com\example\staffradar\gui\StaffOverlayUI.java:40: error: cannot find symbol
        context.fill(x, y, x + width, y + height, 0xAA000000);
                                      ^
  symbol:   variable y
  location: class StaffOverlayUI
C:\dev\StaffRadar\src\main\java\com\example\staffradar\gui\StaffOverlayUI.java:43: error: cannot find symbol
        context.drawTextWithShadow(client.textRenderer, "Staff Detected:", x + 5, y + 5, 0xFFFF55);
                                                                           ^
  symbol:   variable x
  location: class StaffOverlayUI
C:\dev\StaffRadar\src\main\java\com\example\staffradar\gui\StaffOverlayUI.java:43: error: cannot find symbol
        context.drawTextWithShadow(client.textRenderer, "Staff Detected:", x + 5, y + 5, 0xFFFF55);
                                                                                  ^
  symbol:   variable y
  location: class StaffOverlayUI
C:\dev\StaffRadar\src\main\java\com\example\staffradar\gui\StaffOverlayUI.java:47: error: cannot find symbol
            context.drawTextWithShadow(client.textRenderer, player.getDisplayName(), x + 5, y + offset, 0xFFFFFF);
                                                                                     ^
  symbol:   variable x
  location: class StaffOverlayUI
C:\dev\StaffRadar\src\main\java\com\example\staffradar\gui\StaffOverlayUI.java:47: error: cannot find symbol
            context.drawTextWithShadow(client.textRenderer, player.getDisplayName(), x + 5, y + offset, 0xFFFFFF);
                                                                                            ^
  symbol:   variable y
  location: class StaffOverlayUI
Note: C:\dev\StaffRadar\src\main\java\com\example\staffradar\StaffRadarMod.java uses or overrides a deprecated API.
Note: Recompile with -Xlint:deprecation for details.
8 errors

> Task :compileJava FAILED

[Incubating] Problems report is available at: file:///C:/dev/StaffRadar/build/reports/problems/problems-report.html

FAILURE: Build failed with an exception.

* What went wrong:
Execution failed for task ':compileJava'.
> Compilation failed; see the compiler output below.
  Note: Recompile with -Xlint:deprecation for details.C:\dev\StaffRadar\src\main\java\com\example\staffradar\gui\StaffOverlayUI.java:40: error: cannot find symbol
          context.fill(x, y, x + width, y + height, 0xAA000000);
                       ^
    symbol:   variable x
    location: class StaffOverlayUI
  C:\dev\StaffRadar\src\main\java\com\example\staffradar\gui\StaffOverlayUI.java:40: error: cannot find symbol
          context.fill(x, y, x + width, y + height, 0xAA000000);
                          ^
    symbol:   variable y
    location: class StaffOverlayUI
  C:\dev\StaffRadar\src\main\java\com\example\staffradar\gui\StaffOverlayUI.java:40: error: cannot find symbol
          context.fill(x, y, x + width, y + height, 0xAA000000);
                             ^
    symbol:   variable x
    location: class StaffOverlayUI
  C:\dev\StaffRadar\src\main\java\com\example\staffradar\gui\StaffOverlayUI.java:40: error: cannot find symbol
          context.fill(x, y, x + width, y + height, 0xAA000000);
                                        ^
    symbol:   variable y
    location: class StaffOverlayUI
  C:\dev\StaffRadar\src\main\java\com\example\staffradar\gui\StaffOverlayUI.java:43: error: cannot find symbol
          context.drawTextWithShadow(client.textRenderer, "Staff Detected:", x + 5, y + 5, 0xFFFF55);
                                                                             ^
    symbol:   variable x
    location: class StaffOverlayUI
  C:\dev\StaffRadar\src\main\java\com\example\staffradar\gui\StaffOverlayUI.java:43: error: cannot find symbol
          context.drawTextWithShadow(client.textRenderer, "Staff Detected:", x + 5, y + 5, 0xFFFF55);
                                                                                    ^
    symbol:   variable y
    location: class StaffOverlayUI
  C:\dev\StaffRadar\src\main\java\com\example\staffradar\gui\StaffOverlayUI.java:47: error: cannot find symbol
              context.drawTextWithShadow(client.textRenderer, player.getDisplayName(), x + 5, y + offset, 0xFFFFFF);
                                                                                       ^
    symbol:   variable x
    location: class StaffOverlayUI
  C:\dev\StaffRadar\src\main\java\com\example\staffradar\gui\StaffOverlayUI.java:47: error: cannot find symbol
              context.drawTextWithShadow(client.textRenderer, player.getDisplayName(), x + 5, y + offset, 0xFFFFFF);
                                                                                              ^
    symbol:   variable y
    location: class StaffOverlayUINote: C:\dev\StaffRadar\src\main\java\com\example\staffradar\StaffRadarMod.java uses or overrides a deprecated API.
  8 errors

* Try:
> Check your code and dependencies to fix the compilation error(s)
> Run with --scan to get full insights.

Deprecated Gradle features were used in this build, making it incompatible with Gradle 9.0.

You can use '--warning-mode all' to show the individual deprecation warnings and determine if they come from your own scripts or plugins.

For more on this, please refer to https://docs.gradle.org/8.12/userguide/command_line_interface.html#sec:command_line_warnings in the Gradle documentation.

BUILD FAILED in 17s
1 actionable task: 1 executed
