
> Configure project :
Fabric Loom: 1.10.5

> Task :compileJava
C:\dev\StaffRadar\src\main\java\com\example\staffradar\StaffRadarMod.java:15: error: cannot find symbol
public class StaffRadarMod implements ClientModInitializer {
                                      ^
  symbol: class ClientModInitializer
1 error

> Task :compileJava FAILED

[Incubating] Problems report is available at: file:///C:/dev/StaffRadar/build/reports/problems/problems-report.html

FAILURE: Build failed with an exception.

* What went wrong:
Execution failed for task ':compileJava'.
> Compilation failed; see the compiler output below.
  C:\dev\StaffRadar\src\main\java\com\example\staffradar\StaffRadarMod.java:15: error: cannot find symbol
  public class StaffRadarMod implements ClientModInitializer {
                                        ^
    symbol: class ClientModInitializer
  1 error

* Try:
> Check your code and dependencies to fix the compilation error(s)
> Run with --scan to get full insights.

Deprecated Gradle features were used in this build, making it incompatible with Gradle 9.0.

You can use '--warning-mode all' to show the individual deprecation warnings and determine if they come from your own scripts or plugins.

For more on this, please refer to https://docs.gradle.org/8.12/userguide/command_line_interface.html#sec:command_line_warnings in the Gradle documentation.

BUILD FAILED in 5s
1 actionable task: 1 executed
